mode: set
ticktask/internal/api/handler/ai.go:16.94,21.2 1 1
ticktask/internal/api/handler/ai.go:40.50,41.33 1 1
ticktask/internal/api/handler/ai.go:41.33,46.3 2 1
ticktask/internal/api/handler/ai.go:48.2,49.47 2 1
ticktask/internal/api/handler/ai.go:49.47,52.3 2 1
ticktask/internal/api/handler/ai.go:54.2,55.16 2 1
ticktask/internal/api/handler/ai.go:55.16,58.3 2 1
ticktask/internal/api/handler/ai.go:60.2,64.16 4 0
ticktask/internal/api/handler/ai.go:64.16,67.3 2 0
ticktask/internal/api/handler/ai.go:69.2,69.31 1 0
ticktask/internal/api/handler/ai.go:73.51,74.33 1 1
ticktask/internal/api/handler/ai.go:74.33,79.3 2 1
ticktask/internal/api/handler/ai.go:81.2,82.47 2 1
ticktask/internal/api/handler/ai.go:82.47,85.3 2 1
ticktask/internal/api/handler/ai.go:87.2,91.16 4 0
ticktask/internal/api/handler/ai.go:91.16,94.3 2 0
ticktask/internal/api/handler/ai.go:96.2,96.50 1 0
ticktask/internal/api/handler/ai.go:100.54,101.33 1 1
ticktask/internal/api/handler/ai.go:101.33,106.3 2 1
ticktask/internal/api/handler/ai.go:108.2,109.47 2 1
ticktask/internal/api/handler/ai.go:109.47,112.3 2 1
ticktask/internal/api/handler/ai.go:115.2,116.16 2 0
ticktask/internal/api/handler/ai.go:116.16,118.3 1 0
ticktask/internal/api/handler/ai.go:120.2,124.16 4 0
ticktask/internal/api/handler/ai.go:124.16,127.3 2 0
ticktask/internal/api/handler/ai.go:129.2,129.33 1 0
ticktask/internal/api/handler/ai.go:133.60,134.33 1 1
ticktask/internal/api/handler/ai.go:134.33,139.3 2 1
ticktask/internal/api/handler/ai.go:141.2,145.16 4 0
ticktask/internal/api/handler/ai.go:145.16,148.3 2 0
ticktask/internal/api/handler/ai.go:150.2,150.31 1 0
ticktask/internal/api/handler/ai.go:154.49,158.2 1 1
ticktask/internal/api/handler/analytics.go:16.88,18.2 1 0
ticktask/internal/api/handler/analytics.go:21.55,25.19 3 0
ticktask/internal/api/handler/analytics.go:25.19,28.17 3 0
ticktask/internal/api/handler/analytics.go:28.17,31.4 2 0
ticktask/internal/api/handler/analytics.go:32.8,34.3 1 0
ticktask/internal/api/handler/analytics.go:36.2,37.16 2 0
ticktask/internal/api/handler/analytics.go:37.16,40.3 2 0
ticktask/internal/api/handler/analytics.go:42.2,42.32 1 0
ticktask/internal/api/handler/analytics.go:46.53,49.41 3 0
ticktask/internal/api/handler/analytics.go:49.41,51.3 1 0
ticktask/internal/api/handler/analytics.go:53.2,54.16 2 0
ticktask/internal/api/handler/analytics.go:54.16,57.3 2 0
ticktask/internal/api/handler/analytics.go:59.2,59.30 1 0
ticktask/internal/api/handler/analytics.go:63.60,70.20 5 0
ticktask/internal/api/handler/analytics.go:70.20,72.17 2 0
ticktask/internal/api/handler/analytics.go:72.17,75.4 2 0
ticktask/internal/api/handler/analytics.go:76.8,80.3 2 0
ticktask/internal/api/handler/analytics.go:82.2,82.18 1 0
ticktask/internal/api/handler/analytics.go:82.18,84.17 2 0
ticktask/internal/api/handler/analytics.go:84.17,87.4 2 0
ticktask/internal/api/handler/analytics.go:88.8,90.3 1 0
ticktask/internal/api/handler/analytics.go:92.2,93.16 2 0
ticktask/internal/api/handler/analytics.go:93.16,96.3 2 0
ticktask/internal/api/handler/analytics.go:98.2,98.37 1 0
ticktask/internal/api/handler/schedule.go:15.84,17.2 1 1
ticktask/internal/api/handler/schedule.go:20.56,27.20 5 1
ticktask/internal/api/handler/schedule.go:27.20,29.17 2 1
ticktask/internal/api/handler/schedule.go:29.17,32.4 2 1
ticktask/internal/api/handler/schedule.go:33.8,35.3 1 1
ticktask/internal/api/handler/schedule.go:37.2,37.18 1 1
ticktask/internal/api/handler/schedule.go:37.18,39.17 2 1
ticktask/internal/api/handler/schedule.go:39.17,42.4 2 0
ticktask/internal/api/handler/schedule.go:43.3,43.32 1 1
ticktask/internal/api/handler/schedule.go:44.8,46.3 1 1
ticktask/internal/api/handler/schedule.go:48.2,49.16 2 1
ticktask/internal/api/handler/schedule.go:49.16,52.3 2 0
ticktask/internal/api/handler/schedule.go:54.2,54.48 1 1
ticktask/internal/api/handler/schedule.go:58.55,62.16 3 1
ticktask/internal/api/handler/schedule.go:62.16,65.3 2 1
ticktask/internal/api/handler/schedule.go:67.2,67.33 1 1
ticktask/internal/api/handler/schedule.go:71.58,73.47 2 1
ticktask/internal/api/handler/schedule.go:73.47,76.3 2 0
ticktask/internal/api/handler/schedule.go:79.2,79.41 1 1
ticktask/internal/api/handler/schedule.go:79.41,82.3 2 1
ticktask/internal/api/handler/schedule.go:84.2,84.46 1 1
ticktask/internal/api/handler/schedule.go:84.46,87.3 2 1
ticktask/internal/api/handler/schedule.go:90.2,90.20 1 1
ticktask/internal/api/handler/schedule.go:90.20,92.3 1 0
ticktask/internal/api/handler/schedule.go:94.2,95.16 2 1
ticktask/internal/api/handler/schedule.go:95.16,98.3 2 1
ticktask/internal/api/handler/schedule.go:100.2,100.35 1 1
ticktask/internal/api/handler/schedule.go:104.58,108.47 3 1
ticktask/internal/api/handler/schedule.go:108.47,111.3 2 0
ticktask/internal/api/handler/schedule.go:113.2,113.67 1 1
ticktask/internal/api/handler/schedule.go:113.67,116.3 2 1
ticktask/internal/api/handler/schedule.go:118.2,118.61 1 1
ticktask/internal/api/handler/schedule.go:122.58,125.61 2 1
ticktask/internal/api/handler/schedule.go:125.61,128.3 2 0
ticktask/internal/api/handler/schedule.go:130.2,130.61 1 1
ticktask/internal/api/handler/schedule.go:134.56,138.47 3 1
ticktask/internal/api/handler/schedule.go:138.47,141.3 2 0
ticktask/internal/api/handler/schedule.go:143.2,144.16 2 1
ticktask/internal/api/handler/schedule.go:144.16,147.3 2 1
ticktask/internal/api/handler/schedule.go:149.2,150.16 2 1
ticktask/internal/api/handler/schedule.go:150.16,153.3 2 0
ticktask/internal/api/handler/schedule.go:155.2,155.79 1 1
ticktask/internal/api/handler/schedule.go:155.79,158.3 2 1
ticktask/internal/api/handler/schedule.go:160.2,160.59 1 1
ticktask/internal/api/handler/schedule.go:164.58,170.47 2 1
ticktask/internal/api/handler/schedule.go:170.47,173.3 2 0
ticktask/internal/api/handler/schedule.go:175.2,175.46 1 1
ticktask/internal/api/handler/schedule.go:175.46,179.3 2 1
ticktask/internal/api/handler/schedule.go:181.2,182.16 2 1
ticktask/internal/api/handler/schedule.go:182.16,185.3 2 0
ticktask/internal/api/handler/schedule.go:187.2,187.48 1 1
ticktask/internal/api/handler/setting.go:15.82,19.2 1 1
ticktask/internal/api/handler/setting.go:22.54,24.16 2 1
ticktask/internal/api/handler/setting.go:24.16,26.3 1 0
ticktask/internal/api/handler/setting.go:28.2,29.16 2 1
ticktask/internal/api/handler/setting.go:29.16,31.3 1 0
ticktask/internal/api/handler/setting.go:34.2,34.29 1 1
ticktask/internal/api/handler/setting.go:34.29,35.33 1 1
ticktask/internal/api/handler/setting.go:35.33,37.4 1 1
ticktask/internal/api/handler/setting.go:37.9,39.4 1 1
ticktask/internal/api/handler/setting.go:42.2,45.4 1 1
ticktask/internal/api/handler/setting.go:49.65,52.52 2 1
ticktask/internal/api/handler/setting.go:52.52,55.3 2 1
ticktask/internal/api/handler/setting.go:57.2,57.72 1 1
ticktask/internal/api/handler/setting.go:57.72,60.3 2 0
ticktask/internal/api/handler/setting.go:62.2,62.61 1 1
ticktask/internal/api/handler/setting.go:66.59,69.52 2 1
ticktask/internal/api/handler/setting.go:69.52,72.3 2 1
ticktask/internal/api/handler/setting.go:74.2,74.66 1 1
ticktask/internal/api/handler/setting.go:74.66,77.3 2 0
ticktask/internal/api/handler/setting.go:79.2,79.64 1 1
ticktask/internal/api/handler/task.go:16.68,18.2 1 1
ticktask/internal/api/handler/task.go:45.48,47.16 2 1
ticktask/internal/api/handler/task.go:47.16,50.3 2 0
ticktask/internal/api/handler/task.go:51.2,51.30 1 1
ticktask/internal/api/handler/task.go:55.58,57.16 2 1
ticktask/internal/api/handler/task.go:57.16,60.3 2 0
ticktask/internal/api/handler/task.go:61.2,61.30 1 1
ticktask/internal/api/handler/task.go:65.47,68.16 3 1
ticktask/internal/api/handler/task.go:68.16,71.3 2 1
ticktask/internal/api/handler/task.go:72.2,72.29 1 1
ticktask/internal/api/handler/task.go:76.50,78.49 2 1
ticktask/internal/api/handler/task.go:78.49,81.3 2 1
ticktask/internal/api/handler/task.go:83.2,84.30 2 1
ticktask/internal/api/handler/task.go:84.30,86.3 1 0
ticktask/internal/api/handler/task.go:88.2,100.16 3 1
ticktask/internal/api/handler/task.go:100.16,103.3 2 0
ticktask/internal/api/handler/task.go:105.2,105.34 1 1
ticktask/internal/api/handler/task.go:109.50,112.49 3 0
ticktask/internal/api/handler/task.go:112.49,115.3 2 0
ticktask/internal/api/handler/task.go:117.2,119.24 2 0
ticktask/internal/api/handler/task.go:119.24,121.3 1 0
ticktask/internal/api/handler/task.go:122.2,122.30 1 0
ticktask/internal/api/handler/task.go:122.30,124.3 1 0
ticktask/internal/api/handler/task.go:125.2,125.27 1 0
ticktask/internal/api/handler/task.go:125.27,128.3 2 0
ticktask/internal/api/handler/task.go:129.2,129.30 1 0
ticktask/internal/api/handler/task.go:129.30,131.3 1 0
ticktask/internal/api/handler/task.go:132.2,132.27 1 0
ticktask/internal/api/handler/task.go:132.27,134.3 1 0
ticktask/internal/api/handler/task.go:135.2,135.25 1 0
ticktask/internal/api/handler/task.go:135.25,138.3 2 0
ticktask/internal/api/handler/task.go:139.2,139.32 1 0
ticktask/internal/api/handler/task.go:139.32,141.3 1 0
ticktask/internal/api/handler/task.go:142.2,142.27 1 0
ticktask/internal/api/handler/task.go:142.27,144.3 1 0
ticktask/internal/api/handler/task.go:145.2,145.23 1 0
ticktask/internal/api/handler/task.go:145.23,147.3 1 0
ticktask/internal/api/handler/task.go:148.2,148.24 1 0
ticktask/internal/api/handler/task.go:148.24,150.3 1 0
ticktask/internal/api/handler/task.go:152.2,152.58 1 0
ticktask/internal/api/handler/task.go:152.58,155.3 2 0
ticktask/internal/api/handler/task.go:157.2,157.52 1 0
ticktask/internal/api/handler/task.go:161.50,163.53 2 1
ticktask/internal/api/handler/task.go:163.53,166.3 2 0
ticktask/internal/api/handler/task.go:167.2,167.52 1 1
ticktask/internal/api/handler/task.go:171.48,176.49 3 1
ticktask/internal/api/handler/task.go:176.49,179.3 2 0
ticktask/internal/api/handler/task.go:181.2,181.83 1 1
ticktask/internal/api/handler/task.go:181.83,184.3 2 0
ticktask/internal/api/handler/task.go:186.2,186.50 1 1
ticktask/internal/api/handler/timer.go:16.72,18.2 1 1
ticktask/internal/api/handler/timer.go:31.57,33.16 2 1
ticktask/internal/api/handler/timer.go:33.16,36.3 2 0
ticktask/internal/api/handler/timer.go:37.2,37.32 1 1
ticktask/internal/api/handler/timer.go:41.54,43.49 2 1
ticktask/internal/api/handler/timer.go:43.49,46.3 2 1
ticktask/internal/api/handler/timer.go:48.2,56.16 4 1
ticktask/internal/api/handler/timer.go:56.16,59.3 2 0
ticktask/internal/api/handler/timer.go:61.2,61.37 1 1
ticktask/internal/api/handler/timer.go:65.55,68.49 3 1
ticktask/internal/api/handler/timer.go:68.49,71.3 2 1
ticktask/internal/api/handler/timer.go:73.2,73.72 1 1
ticktask/internal/api/handler/timer.go:73.72,76.3 2 0
ticktask/internal/api/handler/timer.go:78.2,78.61 1 1
ticktask/internal/api/handler/timer.go:82.58,84.36 2 1
ticktask/internal/api/handler/timer.go:84.36,85.80 1 1
ticktask/internal/api/handler/timer.go:85.80,87.4 1 1
ticktask/internal/api/handler/timer.go:90.2,91.16 2 1
ticktask/internal/api/handler/timer.go:91.16,94.3 2 0
ticktask/internal/api/handler/timer.go:96.2,96.33 1 1
ticktask/internal/api/handler/timer.go:100.58,102.16 2 0
ticktask/internal/api/handler/timer.go:102.16,105.3 2 0
ticktask/internal/api/handler/timer.go:107.2,107.30 1 0
ticktask/internal/model/analytics.go:14.38,16.2 1 0
ticktask/internal/model/schedule.go:41.36,43.2 1 0
ticktask/internal/model/session.go:37.43,39.2 1 0
ticktask/internal/model/session.go:42.40,44.2 1 0
ticktask/internal/model/setting.go:9.35,11.2 1 0
ticktask/internal/model/setting.go:23.50,33.2 1 0
ticktask/internal/model/setting.go:42.38,49.2 1 0
ticktask/internal/model/task.go:41.32,43.2 1 0
ticktask/internal/websocket/hub.go:24.42,26.3 1 0
ticktask/internal/websocket/hub.go:29.20,33.2 1 0
ticktask/internal/websocket/hub.go:35.40,39.2 3 0
ticktask/internal/websocket/hub.go:41.42,44.36 3 0
ticktask/internal/websocket/hub.go:44.36,47.3 2 0
ticktask/internal/websocket/hub.go:50.46,55.16 4 0
ticktask/internal/websocket/hub.go:55.16,57.3 1 0
ticktask/internal/websocket/hub.go:59.2,59.32 1 0
ticktask/internal/websocket/hub.go:59.32,60.10 1 0
ticktask/internal/websocket/hub.go:61.28,61.28 0 0
ticktask/internal/websocket/hub.go:62.11,64.22 2 0
ticktask/internal/websocket/hub.go:77.86,85.2 1 0
ticktask/internal/websocket/hub.go:93.70,99.2 1 0
ticktask/internal/websocket/hub.go:106.56,111.2 1 0
ticktask/internal/websocket/hub.go:118.46,123.2 1 0
ticktask/internal/websocket/hub.go:126.48,128.16 2 0
ticktask/internal/websocket/hub.go:128.16,130.3 1 0
ticktask/internal/websocket/hub.go:132.2,143.19 5 0
ticktask/internal/websocket/hub.go:146.29,147.15 1 0
ticktask/internal/websocket/hub.go:147.15,150.3 2 0
ticktask/internal/websocket/hub.go:152.2,152.6 1 0
ticktask/internal/websocket/hub.go:152.6,154.17 2 0
ticktask/internal/websocket/hub.go:154.17,155.9 1 0
ticktask/internal/websocket/hub.go:160.30,163.6 2 0
ticktask/internal/websocket/hub.go:163.6,164.10 1 0
ticktask/internal/websocket/hub.go:165.32,166.11 1 0
ticktask/internal/websocket/hub.go:166.11,169.5 2 0
ticktask/internal/websocket/hub.go:171.4,171.78 1 0
ticktask/internal/websocket/hub.go:171.78,173.5 1 0
ticktask/internal/ai/client.go:49.63,50.19 1 0
ticktask/internal/ai/client.go:50.19,52.3 1 0
ticktask/internal/ai/client.go:53.2,53.17 1 0
ticktask/internal/ai/client.go:53.17,55.3 1 0
ticktask/internal/ai/client.go:57.2,62.3 1 0
ticktask/internal/ai/client.go:65.91,66.20 1 0
ticktask/internal/ai/client.go:66.20,68.3 1 0
ticktask/internal/ai/client.go:70.2,81.16 3 0
ticktask/internal/ai/client.go:81.16,83.3 1 0
ticktask/internal/ai/client.go:85.2,86.16 2 0
ticktask/internal/ai/client.go:86.16,88.3 1 0
ticktask/internal/ai/client.go:90.2,94.16 4 0
ticktask/internal/ai/client.go:94.16,96.3 1 0
ticktask/internal/ai/client.go:97.2,100.16 3 0
ticktask/internal/ai/client.go:100.16,102.3 1 0
ticktask/internal/ai/client.go:104.2,104.38 1 0
ticktask/internal/ai/client.go:104.38,106.68 2 0
ticktask/internal/ai/client.go:106.68,108.4 1 0
ticktask/internal/ai/client.go:109.3,109.55 1 0
ticktask/internal/ai/client.go:112.2,113.56 2 0
ticktask/internal/ai/client.go:113.56,115.3 1 0
ticktask/internal/ai/client.go:117.2,117.32 1 0
ticktask/internal/ai/client.go:117.32,119.3 1 0
ticktask/internal/ai/client.go:121.2,121.49 1 0
ticktask/pkg/config/config.go:40.41,42.16 2 0
ticktask/pkg/config/config.go:42.16,44.3 1 0
ticktask/pkg/config/config.go:46.2,47.51 2 0
ticktask/pkg/config/config.go:47.51,49.3 1 0
ticktask/pkg/config/config.go:52.2,52.56 1 0
ticktask/pkg/config/config.go:52.56,54.3 1 0
ticktask/pkg/config/config.go:56.2,56.18 1 0
ticktask/pkg/config/config.go:60.28,81.2 1 0
ticktask/internal/api/router.go:27.15,28.34 1 0
ticktask/internal/api/router.go:28.34,30.3 1 0
ticktask/internal/api/router.go:32.2,41.2 6 0
ticktask/internal/api/router.go:41.2,44.3 2 0
ticktask/internal/api/router.go:44.3,52.4 7 0
ticktask/internal/api/router.go:55.3,56.3 2 0
ticktask/internal/api/router.go:56.3,62.4 5 0
ticktask/internal/api/router.go:65.3,66.3 2 0
ticktask/internal/api/router.go:66.3,73.4 6 0
ticktask/internal/api/router.go:76.3,77.3 2 0
ticktask/internal/api/router.go:77.3,82.4 4 0
ticktask/internal/api/router.go:85.3,86.3 2 0
ticktask/internal/api/router.go:86.3,91.4 4 0
ticktask/internal/api/router.go:94.3,95.3 2 0
ticktask/internal/api/router.go:95.3,104.4 8 0
ticktask/internal/api/router.go:109.2,115.37 2 0
ticktask/internal/api/router.go:115.37,116.46 1 0
ticktask/internal/api/router.go:116.46,121.35 2 0
ticktask/internal/api/router.go:121.35,123.73 1 0
ticktask/internal/api/router.go:123.73,126.6 2 0
ticktask/internal/api/router.go:128.5,128.50 1 0
ticktask/internal/api/router.go:131.4,131.9 1 0
ticktask/internal/api/router.go:135.2,135.10 1 0
ticktask/internal/api/middleware/cors.go:9.47,10.30 1 0
ticktask/internal/api/middleware/cors.go:10.30,15.57 3 0
ticktask/internal/api/middleware/cors.go:15.57,16.31 1 0
ticktask/internal/api/middleware/cors.go:16.31,18.10 2 0
ticktask/internal/api/middleware/cors.go:22.3,22.14 1 0
ticktask/internal/api/middleware/cors.go:22.14,24.4 1 0
ticktask/internal/api/middleware/cors.go:26.3,30.36 4 0
ticktask/internal/api/middleware/cors.go:30.36,33.4 2 0
ticktask/internal/api/middleware/cors.go:35.3,35.11 1 0
ticktask/internal/repository/analytics_repo.go:25.62,27.2 1 0
ticktask/internal/repository/analytics_repo.go:29.88,32.16 3 0
ticktask/internal/repository/analytics_repo.go:32.16,34.3 1 0
ticktask/internal/repository/analytics_repo.go:35.2,35.20 1 0
ticktask/internal/repository/analytics_repo.go:38.100,44.2 3 0
ticktask/internal/repository/analytics_repo.go:46.79,48.2 1 0
ticktask/internal/repository/analytics_repo.go:50.79,52.2 1 0
ticktask/internal/repository/analytics_repo.go:54.81,58.2 1 0
ticktask/internal/repository/analytics_repo.go:60.85,64.2 1 0
ticktask/internal/repository/analytics_repo.go:66.77,70.2 1 0
ticktask/internal/repository/analytics_repo.go:72.75,76.2 1 0
ticktask/internal/repository/schedule_repo.go:26.60,28.2 1 0
ticktask/internal/repository/schedule_repo.go:30.69,32.2 1 0
ticktask/internal/repository/schedule_repo.go:34.74,37.16 3 0
ticktask/internal/repository/schedule_repo.go:37.16,39.3 1 0
ticktask/internal/repository/schedule_repo.go:40.2,40.23 1 0
ticktask/internal/repository/schedule_repo.go:43.93,51.2 3 0
ticktask/internal/repository/schedule_repo.go:53.83,59.2 3 0
ticktask/internal/repository/schedule_repo.go:61.82,65.2 3 0
ticktask/internal/repository/schedule_repo.go:67.69,69.2 1 0
ticktask/internal/repository/schedule_repo.go:71.54,73.2 1 0
ticktask/internal/repository/schedule_repo.go:75.89,77.2 1 0
ticktask/internal/repository/schedule_repo.go:79.82,84.2 1 0
ticktask/internal/repository/session_repo.go:23.58,25.2 1 0
ticktask/internal/repository/session_repo.go:27.74,29.2 1 0
ticktask/internal/repository/session_repo.go:31.80,34.16 3 0
ticktask/internal/repository/session_repo.go:34.16,36.3 1 0
ticktask/internal/repository/session_repo.go:37.2,37.22 1 0
ticktask/internal/repository/session_repo.go:40.73,46.16 3 0
ticktask/internal/repository/session_repo.go:46.16,48.3 1 0
ticktask/internal/repository/session_repo.go:49.2,49.22 1 0
ticktask/internal/repository/session_repo.go:52.74,54.2 1 0
ticktask/internal/repository/session_repo.go:56.88,65.2 5 0
ticktask/internal/repository/session_repo.go:67.83,71.2 3 0
ticktask/internal/repository/setting_repo.go:23.58,25.2 1 0
ticktask/internal/repository/setting_repo.go:27.69,30.16 3 0
ticktask/internal/repository/setting_repo.go:30.16,32.3 1 0
ticktask/internal/repository/setting_repo.go:33.2,33.22 1 0
ticktask/internal/repository/setting_repo.go:36.58,38.2 1 0
ticktask/internal/repository/setting_repo.go:40.84,42.16 2 0
ticktask/internal/repository/setting_repo.go:42.16,44.3 1 0
ticktask/internal/repository/setting_repo.go:46.2,47.73 2 0
ticktask/internal/repository/setting_repo.go:47.73,49.3 1 0
ticktask/internal/repository/setting_repo.go:50.2,50.23 1 0
ticktask/internal/repository/setting_repo.go:53.92,55.16 2 0
ticktask/internal/repository/setting_repo.go:55.16,57.3 1 0
ticktask/internal/repository/setting_repo.go:58.2,58.49 1 0
ticktask/internal/repository/setting_repo.go:61.72,63.16 2 0
ticktask/internal/repository/setting_repo.go:63.16,65.3 1 0
ticktask/internal/repository/setting_repo.go:67.2,68.73 2 0
ticktask/internal/repository/setting_repo.go:68.73,70.3 1 0
ticktask/internal/repository/setting_repo.go:71.2,71.23 1 0
ticktask/internal/repository/setting_repo.go:74.80,76.16 2 0
ticktask/internal/repository/setting_repo.go:76.16,78.3 1 0
ticktask/internal/repository/setting_repo.go:79.2,79.43 1 0
ticktask/internal/repository/task_repo.go:24.52,26.2 1 0
ticktask/internal/repository/task_repo.go:28.57,30.2 1 0
ticktask/internal/repository/task_repo.go:32.66,35.16 3 0
ticktask/internal/repository/task_repo.go:35.16,37.3 1 0
ticktask/internal/repository/task_repo.go:38.2,38.19 1 0
ticktask/internal/repository/task_repo.go:41.57,45.2 3 0
ticktask/internal/repository/task_repo.go:47.87,54.2 3 0
ticktask/internal/repository/task_repo.go:56.85,62.2 3 0
ticktask/internal/repository/task_repo.go:64.57,66.2 1 0
ticktask/internal/repository/task_repo.go:68.50,70.2 1 0
ticktask/internal/repository/task_repo.go:72.86,77.16 3 0
ticktask/internal/repository/task_repo.go:77.16,79.3 1 0
ticktask/internal/repository/task_repo.go:81.2,82.29 2 0
ticktask/internal/repository/task_repo.go:82.29,84.3 1 0
ticktask/internal/repository/task_repo.go:87.2,87.54 1 0
ticktask/internal/repository/task_repo.go:87.54,88.30 1 0
ticktask/internal/repository/task_repo.go:88.30,90.4 1 0
ticktask/internal/repository/task_repo.go:93.2,93.20 1 0
ticktask/pkg/logger/logger.go:10.13,15.2 1 0
ticktask/pkg/logger/logger.go:18.24,20.14 2 0
ticktask/pkg/logger/logger.go:21.15,22.26 1 0
ticktask/pkg/logger/logger.go:23.10,24.25 1 0
ticktask/pkg/logger/logger.go:27.2,31.57 2 0
ticktask/pkg/database/db.go:14.42,18.16 2 0
ticktask/pkg/database/db.go:18.16,20.3 1 0
ticktask/pkg/database/db.go:23.2,23.40 1 0
ticktask/pkg/database/db.go:23.40,25.3 1 0
ticktask/pkg/database/db.go:27.2,27.16 1 0
ticktask/pkg/database/db.go:31.37,39.2 1 0
ticktask/pkg/database/db.go:42.41,45.71 2 0
ticktask/pkg/database/db.go:45.71,47.3 1 0
ticktask/pkg/database/db.go:48.2,48.15 1 0
ticktask/pkg/database/db.go:48.15,50.3 1 0
ticktask/pkg/database/db.go:53.2,78.12 9 0
ticktask/pkg/database/db.go:81.45,83.2 1 0
ticktask/internal/service/ai_service.go:21.89,23.36 2 0
ticktask/internal/service/ai_service.go:23.36,25.3 1 0
ticktask/internal/service/ai_service.go:26.2,29.3 1 0
ticktask/internal/service/ai_service.go:42.104,43.21 1 0
ticktask/internal/service/ai_service.go:43.21,45.3 1 0
ticktask/internal/service/ai_service.go:47.2,48.26 2 0
ticktask/internal/service/ai_service.go:48.26,50.3 1 0
ticktask/internal/service/ai_service.go:52.2,55.16 3 0
ticktask/internal/service/ai_service.go:55.16,57.3 1 0
ticktask/internal/service/ai_service.go:60.2,61.16 2 0
ticktask/internal/service/ai_service.go:61.16,63.3 1 0
ticktask/internal/service/ai_service.go:65.2,68.20 3 0
ticktask/internal/service/ai_service.go:72.107,73.21 1 0
ticktask/internal/service/ai_service.go:73.21,75.3 1 0
ticktask/internal/service/ai_service.go:77.2,79.29 2 0
ticktask/internal/service/ai_service.go:79.29,81.17 2 0
ticktask/internal/service/ai_service.go:81.17,82.12 1 0
ticktask/internal/service/ai_service.go:85.3,86.17 2 0
ticktask/internal/service/ai_service.go:86.17,87.12 1 0
ticktask/internal/service/ai_service.go:90.3,90.36 1 0
ticktask/internal/service/ai_service.go:93.2,93.21 1 0
ticktask/internal/service/ai_service.go:111.157,112.21 1 0
ticktask/internal/service/ai_service.go:112.21,114.3 1 0
ticktask/internal/service/ai_service.go:117.2,118.16 2 0
ticktask/internal/service/ai_service.go:118.16,120.3 1 0
ticktask/internal/service/ai_service.go:122.2,122.21 1 0
ticktask/internal/service/ai_service.go:122.21,124.3 1 0
ticktask/internal/service/ai_service.go:127.2,128.26 2 0
ticktask/internal/service/ai_service.go:128.26,130.24 2 0
ticktask/internal/service/ai_service.go:130.24,132.4 1 0
ticktask/internal/service/ai_service.go:133.3,134.46 1 0
ticktask/internal/service/ai_service.go:137.2,146.16 3 0
ticktask/internal/service/ai_service.go:146.16,148.3 1 0
ticktask/internal/service/ai_service.go:151.2,152.16 2 0
ticktask/internal/service/ai_service.go:152.16,154.3 1 0
ticktask/internal/service/ai_service.go:156.2,156.22 1 0
ticktask/internal/service/ai_service.go:165.94,166.21 1 0
ticktask/internal/service/ai_service.go:166.21,168.3 1 0
ticktask/internal/service/ai_service.go:171.2,172.16 2 0
ticktask/internal/service/ai_service.go:172.16,174.3 1 0
ticktask/internal/service/ai_service.go:176.2,176.21 1 0
ticktask/internal/service/ai_service.go:176.21,178.3 1 0
ticktask/internal/service/ai_service.go:181.2,182.26 2 0
ticktask/internal/service/ai_service.go:182.26,184.24 2 0
ticktask/internal/service/ai_service.go:184.24,186.4 1 0
ticktask/internal/service/ai_service.go:187.3,188.41 1 0
ticktask/internal/service/ai_service.go:191.2,194.16 3 0
ticktask/internal/service/ai_service.go:194.16,196.3 1 0
ticktask/internal/service/ai_service.go:199.2,200.16 2 0
ticktask/internal/service/ai_service.go:200.16,202.3 1 0
ticktask/internal/service/ai_service.go:204.2,204.20 1 0
ticktask/internal/service/ai_service.go:208.41,210.2 1 1
ticktask/internal/service/ai_service.go:214.76,224.65 3 1
ticktask/internal/service/ai_service.go:224.65,226.3 1 0
ticktask/internal/service/ai_service.go:228.2,232.8 1 1
ticktask/internal/service/ai_service.go:235.69,239.65 3 1
ticktask/internal/service/ai_service.go:239.65,241.3 1 0
ticktask/internal/service/ai_service.go:243.2,243.21 1 1
ticktask/internal/service/ai_service.go:246.74,250.65 3 1
ticktask/internal/service/ai_service.go:250.65,252.3 1 0
ticktask/internal/service/ai_service.go:254.2,254.21 1 1
ticktask/internal/service/ai_service.go:258.42,263.45 3 1
ticktask/internal/service/ai_service.go:263.45,265.3 1 0
ticktask/internal/service/ai_service.go:267.2,267.32 1 1
ticktask/internal/service/ai_service.go:271.52,272.25 1 1
ticktask/internal/service/ai_service.go:272.25,274.3 1 1
ticktask/internal/service/ai_service.go:274.8,274.33 1 1
ticktask/internal/service/ai_service.go:274.33,276.3 1 1
ticktask/internal/service/ai_service.go:276.8,276.33 1 1
ticktask/internal/service/ai_service.go:276.33,278.3 1 1
ticktask/internal/service/ai_service.go:278.8,280.3 1 1
ticktask/internal/service/ai_service.go:284.91,286.2 1 0
ticktask/internal/service/analytics_service.go:19.21,25.2 1 0
ticktask/internal/service/analytics_service.go:59.78,61.16 2 0
ticktask/internal/service/analytics_service.go:61.16,64.3 1 0
ticktask/internal/service/analytics_service.go:66.2,71.8 1 0
ticktask/internal/service/analytics_service.go:75.67,80.16 4 0
ticktask/internal/service/analytics_service.go:80.16,82.3 1 0
ticktask/internal/service/analytics_service.go:85.2,86.23 2 0
ticktask/internal/service/analytics_service.go:86.23,89.3 2 0
ticktask/internal/service/analytics_service.go:92.2,93.28 2 0
ticktask/internal/service/analytics_service.go:93.28,103.48 4 0
ticktask/internal/service/analytics_service.go:103.48,106.4 2 0
ticktask/internal/service/analytics_service.go:108.3,108.29 1 0
ticktask/internal/service/analytics_service.go:111.2,111.36 1 0
ticktask/internal/service/analytics_service.go:115.94,118.16 2 0
ticktask/internal/service/analytics_service.go:118.16,120.3 1 0
ticktask/internal/service/analytics_service.go:122.2,127.26 2 0
ticktask/internal/service/analytics_service.go:127.26,129.3 1 0
ticktask/internal/service/analytics_service.go:132.2,132.29 1 0
ticktask/internal/service/analytics_service.go:132.29,134.64 1 0
ticktask/internal/service/analytics_service.go:134.64,135.12 1 0
ticktask/internal/service/analytics_service.go:138.3,140.43 3 0
ticktask/internal/service/analytics_service.go:140.43,142.4 1 0
ticktask/internal/service/analytics_service.go:143.3,146.43 3 0
ticktask/internal/service/analytics_service.go:146.43,148.4 1 0
ticktask/internal/service/analytics_service.go:152.2,152.32 1 0
ticktask/internal/service/analytics_service.go:152.32,154.3 1 0
ticktask/internal/service/analytics_service.go:156.2,156.20 1 0
ticktask/internal/service/schedule_service.go:22.20,28.2 1 1
ticktask/internal/service/schedule_service.go:72.87,74.16 2 1
ticktask/internal/service/schedule_service.go:74.16,76.3 1 0
ticktask/internal/service/schedule_service.go:78.2,79.37 2 1
ticktask/internal/service/schedule_service.go:79.37,81.3 1 1
ticktask/internal/service/schedule_service.go:82.2,82.20 1 1
ticktask/internal/service/schedule_service.go:86.75,88.2 1 1
ticktask/internal/service/schedule_service.go:91.91,93.16 2 1
ticktask/internal/service/schedule_service.go:93.16,95.3 1 1
ticktask/internal/service/schedule_service.go:97.2,98.16 2 1
ticktask/internal/service/schedule_service.go:98.16,100.3 1 0
ticktask/internal/service/schedule_service.go:102.2,115.22 2 1
ticktask/internal/service/schedule_service.go:115.22,117.3 1 1
ticktask/internal/service/schedule_service.go:120.2,120.52 1 1
ticktask/internal/service/schedule_service.go:120.52,122.17 2 0
ticktask/internal/service/schedule_service.go:122.17,124.4 1 0
ticktask/internal/service/schedule_service.go:128.2,128.26 1 1
ticktask/internal/service/schedule_service.go:128.26,130.3 1 1
ticktask/internal/service/schedule_service.go:132.2,132.56 1 1
ticktask/internal/service/schedule_service.go:132.56,134.3 1 0
ticktask/internal/service/schedule_service.go:136.2,136.22 1 1
ticktask/internal/service/schedule_service.go:140.95,142.16 2 0
ticktask/internal/service/schedule_service.go:142.16,144.3 1 0
ticktask/internal/service/schedule_service.go:145.2,146.20 2 0
ticktask/internal/service/schedule_service.go:150.83,152.16 2 1
ticktask/internal/service/schedule_service.go:152.16,154.3 1 0
ticktask/internal/service/schedule_service.go:156.2,156.21 1 1
ticktask/internal/service/schedule_service.go:156.21,158.3 1 1
ticktask/internal/service/schedule_service.go:159.2,159.27 1 1
ticktask/internal/service/schedule_service.go:159.27,161.3 1 0
ticktask/internal/service/schedule_service.go:162.2,162.25 1 1
ticktask/internal/service/schedule_service.go:162.25,164.17 2 1
ticktask/internal/service/schedule_service.go:164.17,166.4 1 0
ticktask/internal/service/schedule_service.go:167.3,167.33 1 1
ticktask/internal/service/schedule_service.go:169.2,169.23 1 1
ticktask/internal/service/schedule_service.go:169.23,171.17 2 1
ticktask/internal/service/schedule_service.go:171.17,173.4 1 0
ticktask/internal/service/schedule_service.go:174.3,174.29 1 1
ticktask/internal/service/schedule_service.go:176.2,176.22 1 1
ticktask/internal/service/schedule_service.go:176.22,178.3 1 0
ticktask/internal/service/schedule_service.go:179.2,179.21 1 1
ticktask/internal/service/schedule_service.go:179.21,181.3 1 1
ticktask/internal/service/schedule_service.go:183.2,184.40 2 1
ticktask/internal/service/schedule_service.go:188.59,190.2 1 1
ticktask/internal/service/schedule_service.go:193.87,195.2 1 1
ticktask/internal/service/schedule_service.go:198.94,200.2 1 1
ticktask/internal/service/schedule_service.go:203.102,206.16 2 1
ticktask/internal/service/schedule_service.go:206.16,208.3 1 0
ticktask/internal/service/schedule_service.go:211.2,211.52 1 1
ticktask/internal/service/schedule_service.go:214.114,219.16 3 1
ticktask/internal/service/schedule_service.go:219.16,221.3 1 1
ticktask/internal/service/schedule_service.go:223.2,223.29 1 1
ticktask/internal/service/schedule_service.go:223.29,225.29 2 1
ticktask/internal/service/schedule_service.go:225.29,227.4 1 0
ticktask/internal/service/schedule_service.go:229.3,243.17 6 1
ticktask/internal/service/schedule_service.go:243.17,244.12 1 0
ticktask/internal/service/schedule_service.go:247.3,248.22 2 1
ticktask/internal/service/schedule_service.go:251.2,251.20 1 1
ticktask/internal/service/schedule_service.go:254.75,267.28 2 1
ticktask/internal/service/schedule_service.go:267.28,269.3 1 1
ticktask/internal/service/schedule_service.go:271.2,271.14 1 1
ticktask/internal/service/schedule_service.go:274.83,275.22 1 1
ticktask/internal/service/schedule_service.go:276.30,277.19 1 1
ticktask/internal/service/schedule_service.go:278.34,279.19 1 1
ticktask/internal/service/schedule_service.go:280.31,281.19 1 1
ticktask/internal/service/schedule_service.go:282.10,283.19 1 1
ticktask/internal/service/schedule_service.go:287.76,288.18 1 1
ticktask/internal/service/schedule_service.go:289.23,290.19 1 1
ticktask/internal/service/schedule_service.go:291.23,292.19 1 1
ticktask/internal/service/schedule_service.go:293.23,294.19 1 0
ticktask/internal/service/schedule_service.go:295.23,296.19 1 0
ticktask/internal/service/schedule_service.go:297.10,298.19 1 0
ticktask/internal/service/task_service.go:21.16,27.2 1 1
ticktask/internal/service/task_service.go:53.78,70.48 2 1
ticktask/internal/service/task_service.go:70.48,72.3 1 0
ticktask/internal/service/task_service.go:75.2,77.18 2 1
ticktask/internal/service/task_service.go:80.74,82.16 2 1
ticktask/internal/service/task_service.go:82.16,84.3 1 0
ticktask/internal/service/task_service.go:86.2,86.22 1 1
ticktask/internal/service/task_service.go:86.22,88.3 1 1
ticktask/internal/service/task_service.go:89.2,89.28 1 1
ticktask/internal/service/task_service.go:89.28,91.3 1 0
ticktask/internal/service/task_service.go:92.2,92.25 1 1
ticktask/internal/service/task_service.go:92.25,94.3 1 0
ticktask/internal/service/task_service.go:95.2,95.28 1 1
ticktask/internal/service/task_service.go:95.28,97.3 1 0
ticktask/internal/service/task_service.go:98.2,98.25 1 1
ticktask/internal/service/task_service.go:98.25,100.3 1 0
ticktask/internal/service/task_service.go:101.2,101.23 1 1
ticktask/internal/service/task_service.go:101.23,106.60 3 1
ticktask/internal/service/task_service.go:106.60,110.4 3 1
ticktask/internal/service/task_service.go:112.2,112.30 1 1
ticktask/internal/service/task_service.go:112.30,114.3 1 0
ticktask/internal/service/task_service.go:115.2,115.25 1 1
ticktask/internal/service/task_service.go:115.25,117.3 1 0
ticktask/internal/service/task_service.go:118.2,118.21 1 1
ticktask/internal/service/task_service.go:118.21,120.3 1 0
ticktask/internal/service/task_service.go:121.2,121.22 1 1
ticktask/internal/service/task_service.go:121.22,123.3 1 0
ticktask/internal/service/task_service.go:125.2,127.32 2 1
ticktask/internal/service/task_service.go:130.51,132.2 1 1
ticktask/internal/service/task_service.go:134.63,136.2 1 0
ticktask/internal/service/task_service.go:138.59,140.2 1 0
ticktask/internal/service/task_service.go:142.85,144.2 1 1
ticktask/internal/service/task_service.go:146.80,148.16 2 1
ticktask/internal/service/task_service.go:148.16,150.3 1 0
ticktask/internal/service/task_service.go:152.2,156.25 3 1
ticktask/internal/service/task_service.go:156.25,159.3 2 0
ticktask/internal/service/task_service.go:159.8,159.32 1 1
ticktask/internal/service/task_service.go:159.32,162.3 2 1
ticktask/internal/service/task_service.go:162.8,162.32 1 0
ticktask/internal/service/task_service.go:162.32,165.3 2 0
ticktask/internal/service/task_service.go:165.8,168.3 2 0
ticktask/internal/service/task_service.go:170.2,170.32 1 1
ticktask/internal/service/task_service.go:174.80,175.25 1 1
ticktask/internal/service/task_service.go:175.25,177.3 1 1
ticktask/internal/service/task_service.go:178.2,178.26 1 1
ticktask/internal/service/task_service.go:178.26,180.3 1 1
ticktask/internal/service/task_service.go:181.2,181.26 1 1
ticktask/internal/service/task_service.go:181.26,183.3 1 1
ticktask/internal/service/task_service.go:184.2,184.24 1 1
ticktask/internal/service/task_service.go:188.78,190.2 1 0
ticktask/internal/service/task_service.go:192.39,195.2 1 1
ticktask/internal/service/task_service.go:197.36,200.2 1 0
ticktask/internal/service/timer_service.go:37.17,45.2 1 1
ticktask/internal/service/timer_service.go:58.95,60.84 1 1
ticktask/internal/service/timer_service.go:60.84,62.3 1 0
ticktask/internal/service/timer_service.go:64.2,66.19 3 1
ticktask/internal/service/timer_service.go:66.19,68.19 1 0
ticktask/internal/service/timer_service.go:69.26,70.36 1 0
ticktask/internal/service/timer_service.go:71.32,72.42 1 0
ticktask/internal/service/timer_service.go:73.31,74.41 1 0
ticktask/internal/service/timer_service.go:78.2,89.54 2 1
ticktask/internal/service/timer_service.go:89.54,91.3 1 0
ticktask/internal/service/timer_service.go:94.2,99.21 3 1
ticktask/internal/service/timer_service.go:103.81,105.2 1 1
ticktask/internal/service/timer_service.go:108.98,125.12 7 1
ticktask/internal/service/timer_service.go:125.12,128.7 2 1
ticktask/internal/service/timer_service.go:128.7,129.11 1 1
ticktask/internal/service/timer_service.go:130.20,131.30 1 0
ticktask/internal/service/timer_service.go:131.30,143.42 4 0
ticktask/internal/service/timer_service.go:143.42,146.7 2 0
ticktask/internal/service/timer_service.go:149.20,150.11 1 1
ticktask/internal/service/timer_service.go:152.21,153.30 1 0
ticktask/internal/service/timer_service.go:153.30,157.6 3 0
ticktask/internal/service/timer_service.go:158.5,158.11 1 0
ticktask/internal/service/timer_service.go:160.22,160.22 0 0
ticktask/internal/service/timer_service.go:168.61,169.69 1 0
ticktask/internal/service/timer_service.go:169.69,171.3 1 0
ticktask/internal/service/timer_service.go:173.2,175.12 3 0
ticktask/internal/service/timer_service.go:179.62,181.16 2 0
ticktask/internal/service/timer_service.go:181.16,183.3 1 0
ticktask/internal/service/timer_service.go:185.2,185.43 1 0
ticktask/internal/service/timer_service.go:185.43,187.3 1 0
ticktask/internal/service/timer_service.go:189.2,197.69 4 0
ticktask/internal/service/timer_service.go:197.69,199.3 1 0
ticktask/internal/service/timer_service.go:199.8,203.23 3 0
ticktask/internal/service/timer_service.go:203.23,205.4 1 0
ticktask/internal/service/timer_service.go:209.2,212.12 3 0
ticktask/internal/service/timer_service.go:216.64,220.16 3 1
ticktask/internal/service/timer_service.go:220.16,222.3 1 1
ticktask/internal/service/timer_service.go:224.2,225.12 2 1
ticktask/internal/service/timer_service.go:229.63,233.16 3 1
ticktask/internal/service/timer_service.go:233.16,235.3 1 0
ticktask/internal/service/timer_service.go:237.2,243.12 6 1
ticktask/internal/service/timer_service.go:247.75,249.2 1 1
ticktask/internal/service/timer_service.go:252.86,254.2 1 1
ticktask/internal/service/timer_service.go:257.69,259.16 2 0
ticktask/internal/service/timer_service.go:259.16,261.3 1 0
ticktask/internal/service/timer_service.go:264.2,265.35 2 0
ticktask/internal/service/timer_service.go:265.35,267.84 1 0
ticktask/internal/service/timer_service.go:267.84,268.12 1 0
ticktask/internal/service/timer_service.go:271.3,272.28 2 0
ticktask/internal/service/timer_service.go:272.28,274.4 1 0
ticktask/internal/service/timer_service.go:276.3,276.45 1 0
ticktask/internal/service/timer_service.go:276.45,283.4 1 0
ticktask/internal/service/timer_service.go:285.3,285.36 1 0
ticktask/internal/service/timer_service.go:285.36,288.4 2 0
ticktask/internal/service/timer_service.go:292.2,292.38 1 0
ticktask/internal/service/timer_service.go:292.38,293.19 1 0
ticktask/internal/service/timer_service.go:293.19,295.18 2 0
ticktask/internal/service/timer_service.go:295.18,297.5 1 0
ticktask/internal/service/timer_service.go:302.2,303.33 2 0
ticktask/internal/service/timer_service.go:303.33,305.3 1 0
ticktask/internal/service/timer_service.go:307.2,307.20 1 0
ticktask/internal/service/timer_service.go:319.78,320.16 1 1
ticktask/internal/service/timer_service.go:321.15,322.35 1 0
ticktask/internal/service/timer_service.go:323.16,324.36 1 0
ticktask/internal/service/timer_service.go:325.18,326.38 1 1
ticktask/internal/service/timer_service.go:327.17,328.37 1 1
ticktask/internal/service/timer_service.go:329.10,331.13 2 0
ticktask/internal/service/timer_service.go:336.36,337.27 1 1
ticktask/internal/service/timer_service.go:337.27,339.35 2 1
ticktask/internal/service/timer_service.go:339.35,341.4 1 1
ticktask/internal/service/timer_service.go:342.3,342.23 1 1
ticktask/internal/service/timer_service.go:347.80,357.39 7 1
ticktask/internal/service/timer_service.go:357.39,361.3 3 1
ticktask/internal/service/timer_service.go:364.2,367.109 3 1
